<p>Was ist eigentlich mit mir los, was stimmt mit mir nicht ...
eine zeite Zeile
eine dritte Zeile</p>