<p>Was ist eigentlich mit mir los, was stimmt mit mir nicht ...</p>