<div class="form-group">
    <label for="input_myId">Eine Ãœberschrift.</label>
    <input type="text" class="form-control ns_input" id="input_myId" placeholder="">
</div>