<div class="form-group">
    <ul class="mb-2">
        <li>erster</li>
        <li>zweiter</li>
        <li>dritter</li>
    </ul>
    <p class="h3 mt-4 mb-4">Eine Ãœberschrift</p>
    <p>Hier noch ein Praragraph</p>
    <input type="text" class="form-control ns_input" id="0815-2" placeholder="">
</div>