    <p class="h1 mt-4 mb-4">Eine Ãœberschrift</p>
    <ul class="mb-2">
        <li>one</li>
        <li>two</li>
        <li>three</li>
    </ul>