<ul class="mb-4">
    <li>first Item</li>
    <li>second Item</li>
    <li>third Item</li>
</ul>