<div class="form-group">
    <label for="input_myId">Eine Ãœberschrift.</label>
    <textarea class="form-control ns_input" id="input_myId" rows="5"></textarea>
</div>