@alert[type="info" headersize="3"]
    Hier der Info-Text!